// Jest Snapshot v1, https://goo.gl/fbAQLP

exports[`With React Testing Library Snapshot Should match Snapshot 1`] = `
<DocumentFragment>
  <div
    class="bg-background"
  >
    <div
      class="flex flex-col  container mx-auto min-h-screen  bg-surface shadow-xl"
    >
      <header
        class="flex flex-col  fixed container h-16 z-10 p-2  bg-surface"
      >
        <div
          class="flex  flex-1 relative"
        >
          <h1
            class="flex-1 my-auto px-2  text-lg text-on-surface font-medium truncate"
          >
            <a
              href="/"
            >
              Next.js starter
            </a>
          </h1>
          <div
            class="my-auto"
            id="account-menu"
          >
            <label
              class="tk-button-circle px-2"
              data-test-id="account-icon"
              for="tk-account-menu-checkbox"
            >
              <svg
                aria-hidden="true"
                class="MuiSvgIcon-root"
                focusable="false"
                viewBox="0 0 24 24"
              >
                <path
                  d="M12 2C6.48 2 2 6.48 2 12s4.48 10 10 10 10-4.48 10-10S17.52 2 12 2zm0 3c1.66 0 3 1.34 3 3s-1.34 3-3 3-3-1.34-3-3 1.34-3 3-3zm0 14.2c-2.5 0-4.71-1.28-6-3.22.03-1.99 4-3.08 6-3.08 1.99 0 5.97 1.09 6 3.08-1.29 1.94-3.5 3.22-6 3.22z"
                />
              </svg>
            </label>
            <input
              class="tk-account-menu-checkbox"
              id="tk-account-menu-checkbox"
              type="checkbox"
            />
            <label
              class="tk-account-menu-overlay"
              for="tk-account-menu-checkbox"
            />
            <nav
              class="tk-account-menu-nav"
            >
              <a
                class="tk-menu-nav-item tk-button-ripple"
                href="/login"
              >
                Log in
              </a>
              <a
                class="tk-menu-nav-item tk-button-ripple"
                href="/signup"
              >
                Sign up
              </a>
            </nav>
          </div>
          <div
            class="my-auto"
            id="nav-menu"
          >
            <label
              class="tk-menu-button tk-button-circle"
              data-test-id="menu-icon"
              for="tk-menu-checkbox"
            >
              <svg
                aria-hidden="true"
                class="MuiSvgIcon-root"
                focusable="false"
                viewBox="0 0 24 24"
              >
                <path
                  d="M3 18h18v-2H3v2zm0-5h18v-2H3v2zm0-7v2h18V6H3z"
                />
              </svg>
            </label>
            <input
              class="tk-menu-checkbox"
              id="tk-menu-checkbox"
              type="checkbox"
            />
            <label
              class="tk-menu-overlay"
              for="tk-menu-checkbox"
            />
            <nav
              class="tk-menu-nav"
            >
              <a
                class="tk-menu-nav-item tk-button-ripple"
                href="/"
              >
                Home
              </a>
              <a
                class="tk-menu-nav-item tk-button-ripple"
                href="/users"
              >
                Users
              </a>
            </nav>
          </div>
        </div>
        <hr />
      </header>
      <div
        class="mt-16"
      />
      <div
        class="flex  flex-1"
      >
        <nav
          class="hidden md:block flex-shrink-0 w-64  border-r border-on-surface-border"
        >
          <a
            class="tk-menu-nav-item tk-button-ripple"
            href="/"
          >
            Home
          </a>
          <a
            class="tk-menu-nav-item tk-button-ripple"
            href="/users"
          >
            Users
          </a>
        </nav>
        <main
          class="flex  flex-1"
        >
          <div
            class="p-2"
          >
            <p
              class="text-4xl text-on-surface"
            >
              Welcome to Next.js starter.
            </p>
            <button
              class="tk-button tk-button-contained tk-button-ripple"
              type="button"
            >
              Contained button
            </button>
            <div
              class="bg-surface"
            >
              <p
                class="text-on-surface"
              >
                <span>
                  text-on-surface
                </span>
              </p>
              <p
                class="text-on-surface-light"
              >
                <span>
                  text-on-surface-light
                </span>
              </p>
              <p
                class="text-on-surface-dark"
              >
                <span>
                  text-on-surface-dark
                </span>
              </p>
              <p
                class="text-on-surface-text-high-emphasis"
              >
                <span>
                  text-on-surface-text-high-emphasis
                </span>
              </p>
              <p
                class="text-on-surface-text-medium-emphasis"
              >
                <span>
                  text-on-surface-text-medium-emphasis
                </span>
              </p>
              <p
                class="text-on-surface-text-disabled"
              >
                <span>
                  text-on-surface-text-disabled
                </span>
              </p>
            </div>
            <div
              class="bg-background"
            >
              <p
                class="text-on-background"
              >
                <span>
                  text-on-background
                </span>
              </p>
              <p
                class="text-on-background-text-high-emphasis"
              >
                <span>
                  text-on-background-text-high-emphasis
                </span>
              </p>
              <p
                class="text-on-background-text-medium-emphasis"
              >
                <span>
                  text-on-background-text-medium-emphasis
                </span>
              </p>
              <p
                class="text-on-background-text-disabled"
              >
                <span>
                  text-on-background-text-disabled
                </span>
              </p>
            </div>
          </div>
        </main>
      </div>
      <footer
        class="flex flex-col  h-16 p-2"
      >
        <hr />
        <p
          class="m-auto  text-on-surface"
        >
          Powered byÂ 
          <a
            class="text-primary"
            href="https://github.com/twihike"
          >
            Next.js starter
          </a>
        </p>
      </footer>
    </div>
  </div>
</DocumentFragment>
`;
